
  .   ____          _            __ _ _
 /\\ / ___'_ __ _ _(_)_ __  __ _ \ \ \ \
( ( )\___ | '_ | '_| | '_ \/ _` | \ \ \ \
 \\/  ___)| |_)| | | | | || (_| |  ) ) ) )
  '  |____| .__|_| |_|_| |_\__, | / / / /
 =========|_|==============|___/=/_/_/_/

 :: Spring Boot ::                (v3.5.5)

2025-09-12T01:56:51.447+05:30  INFO 70324 --- [emotionmusic] [  restartedMain] c.e.e.EmotionmusicApplication            : Starting EmotionmusicApplication using Java 17.0.14 with PID 70324 (C:\Users\premj\EmoVibes\backend\emotionmusic\target\classes started by premj in C:\Users\premj\EmoVibes\backend\emotionmusic)
2025-09-12T01:56:51.452+05:30  INFO 70324 --- [emotionmusic] [  restartedMain] c.e.e.EmotionmusicApplication            : No active profile set, falling back to 1 default profile: "default"
2025-09-12T01:56:51.532+05:30  INFO 70324 --- [emotionmusic] [  restartedMain] .e.DevToolsPropertyDefaultsPostProcessor : Devtools property defaults active! Set 'spring.devtools.add-properties' to 'false' to disable
2025-09-12T01:56:51.532+05:30  INFO 70324 --- [emotionmusic] [  restartedMain] .e.DevToolsPropertyDefaultsPostProcessor : For additional web related logging consider setting the 'logging.level.web' property to 'DEBUG'
2025-09-12T01:56:53.089+05:30  INFO 70324 --- [emotionmusic] [  restartedMain] .s.d.r.c.RepositoryConfigurationDelegate : Bootstrapping Spring Data JPA repositories in DEFAULT mode.
2025-09-12T01:56:53.163+05:30  INFO 70324 --- [emotionmusic] [  restartedMain] .s.d.r.c.RepositoryConfigurationDelegate : Finished Spring Data repository scanning in 60 ms. Found 1 JPA repository interface.
2025-09-12T01:56:54.049+05:30  INFO 70324 --- [emotionmusic] [  restartedMain] o.s.b.w.embedded.tomcat.TomcatWebServer  : Tomcat initialized with port 8080 (http)
2025-09-12T01:56:54.070+05:30  INFO 70324 --- [emotionmusic] [  restartedMain] o.apache.catalina.core.StandardService   : Starting service [Tomcat]
2025-09-12T01:56:54.070+05:30  INFO 70324 --- [emotionmusic] [  restartedMain] o.apache.catalina.core.StandardEngine    : Starting Servlet engine: [Apache Tomcat/10.1.44]
2025-09-12T01:56:54.140+05:30  INFO 70324 --- [emotionmusic] [  restartedMain] o.a.c.c.C.[Tomcat].[localhost].[/]       : Initializing Spring embedded WebApplicationContext
2025-09-12T01:56:54.142+05:30  INFO 70324 --- [emotionmusic] [  restartedMain] w.s.c.ServletWebServerApplicationContext : Root WebApplicationContext: initialization completed in 2607 ms
2025-09-12T01:56:54.362+05:30  INFO 70324 --- [emotionmusic] [  restartedMain] com.zaxxer.hikari.HikariDataSource       : HikariPool-1 - Starting...
2025-09-12T01:56:54.707+05:30  INFO 70324 --- [emotionmusic] [  restartedMain] com.zaxxer.hikari.pool.HikariPool        : HikariPool-1 - Added connection org.postgresql.jdbc.PgConnection@606973be
2025-09-12T01:56:54.709+05:30  INFO 70324 --- [emotionmusic] [  restartedMain] com.zaxxer.hikari.HikariDataSource       : HikariPool-1 - Start completed.
2025-09-12T01:56:54.814+05:30  INFO 70324 --- [emotionmusic] [  restartedMain] o.hibernate.jpa.internal.util.LogHelper  : HHH000204: Processing PersistenceUnitInfo [name: default]
2025-09-12T01:56:54.917+05:30  INFO 70324 --- [emotionmusic] [  restartedMain] org.hibernate.Version                    : HHH000412: Hibernate ORM core version 6.6.26.Final
2025-09-12T01:56:54.971+05:30  INFO 70324 --- [emotionmusic] [  restartedMain] o.h.c.internal.RegionFactoryInitiator    : HHH000026: Second-level cache disabled
2025-09-12T01:56:55.191+05:30  WARN 70324 --- [emotionmusic] [  restartedMain] org.hibernate.orm.deprecation            : HHH90000025: PostgreSQLDialect does not need to be specified explicitly using 'hibernate.dialect' (remove the property setting and it will be selected by default)
2025-09-12T01:56:55.218+05:30  INFO 70324 --- [emotionmusic] [  restartedMain] org.hibernate.orm.connections.pooling    : HHH10001005: Database info:
	Database JDBC URL [Connecting through datasource 'HikariDataSource (HikariPool-1)']
	Database driver: undefined/unknown
	Database version: 17.6
	Autocommit mode: undefined/unknown
	Isolation level: undefined/unknown
	Minimum pool size: undefined/unknown
	Maximum pool size: undefined/unknown
2025-09-12T01:56:55.658+05:30  INFO 70324 --- [emotionmusic] [  restartedMain] o.s.o.j.p.SpringPersistenceUnitInfo      : No LoadTimeWeaver setup: ignoring JPA class transformer
2025-09-12T01:56:58.762+05:30  INFO 70324 --- [emotionmusic] [  restartedMain] o.h.e.t.j.p.i.JtaPlatformInitiator       : HHH000489: No JTA platform available (set 'hibernate.transaction.jta.platform' to enable JTA platform integration)
2025-09-12T01:56:58.898+05:30  INFO 70324 --- [emotionmusic] [  restartedMain] j.LocalContainerEntityManagerFactoryBean : Initialized JPA EntityManagerFactory for persistence unit 'default'
2025-09-12T01:57:02.116+05:30  WARN 70324 --- [emotionmusic] [  restartedMain] JpaBaseConfiguration$JpaWebConfiguration : spring.jpa.open-in-view is enabled by default. Therefore, database queries may be performed during view rendering. Explicitly configure spring.jpa.open-in-view to disable this warning
2025-09-12T01:57:02.211+05:30  WARN 70324 --- [emotionmusic] [  restartedMain] .s.s.UserDetailsServiceAutoConfiguration : 

Using generated security password: 909f6c7b-f846-4148-b322-00f32ef8fca9

This generated password is for development use only. Your security configuration must be updated before running your application in production.

2025-09-12T01:57:02.232+05:30  INFO 70324 --- [emotionmusic] [  restartedMain] r$InitializeUserDetailsManagerConfigurer : Global AuthenticationManager configured with UserDetailsService bean with name inMemoryUserDetailsManager
2025-09-12T01:57:03.518+05:30  INFO 70324 --- [emotionmusic] [  restartedMain] o.s.b.a.e.web.EndpointLinksResolver      : Exposing 1 endpoint beneath base path '/actuator'
2025-09-12T01:57:03.632+05:30  WARN 70324 --- [emotionmusic] [  restartedMain] o.s.b.d.a.OptionalLiveReloadServer       : Unable to start LiveReload server
2025-09-12T01:57:03.741+05:30  WARN 70324 --- [emotionmusic] [  restartedMain] ConfigServletWebServerApplicationContext : Exception encountered during context initialization - cancelling refresh attempt: org.springframework.context.ApplicationContextException: Failed to start bean 'webServerStartStop'
2025-09-12T01:57:03.746+05:30  INFO 70324 --- [emotionmusic] [  restartedMain] j.LocalContainerEntityManagerFactoryBean : Closing JPA EntityManagerFactory for persistence unit 'default'
2025-09-12T01:57:03.752+05:30  INFO 70324 --- [emotionmusic] [  restartedMain] com.zaxxer.hikari.HikariDataSource       : HikariPool-1 - Shutdown initiated...
2025-09-12T01:57:03.757+05:30  INFO 70324 --- [emotionmusic] [  restartedMain] com.zaxxer.hikari.HikariDataSource       : HikariPool-1 - Shutdown completed.
2025-09-12T01:57:03.799+05:30  INFO 70324 --- [emotionmusic] [  restartedMain] .s.b.a.l.ConditionEvaluationReportLogger : 

Error starting ApplicationContext. To display the condition evaluation report re-run your application with 'debug' enabled.
2025-09-12T01:57:03.844+05:30 ERROR 70324 --- [emotionmusic] [  restartedMain] o.s.b.d.LoggingFailureAnalysisReporter   : 

***************************
APPLICATION FAILED TO START
***************************

Description:

Web server failed to start. Port 8080 was already in use.

Action:

Identify and stop the process that's listening on port 8080 or configure this application to listen on another port.

